  analyze.c
f:\aaa_stalker_sdk\gz_team\gz_team_engine\trunk\3rd party\xiph\libtheora\lib\encint.h(22): fatal error C1083: Cannot open include file: 'theora/theoraenc.h': No such file or directory
  apiwrapper.c
f:\aaa_stalker_sdk\gz_team\gz_team_engine\trunk\3rd party\xiph\libtheora\lib\apiwrapper.h(20): fatal error C1083: Cannot open include file: 'ogg/ogg.h': No such file or directory
  bitpack.c
  decapiwrapper.c
f:\aaa_stalker_sdk\gz_team\gz_team_engine\trunk\3rd party\xiph\libtheora\lib\apiwrapper.h(20): fatal error C1083: Cannot open include file: 'ogg/ogg.h': No such file or directory
  decinfo.c
f:\aaa_stalker_sdk\gz_team\gz_team_engine\trunk\3rd party\xiph\libtheora\lib\decint.h(21): fatal error C1083: Cannot open include file: 'theora/theoradec.h': No such file or directory
  decode.c
..\..\lib\decode.c(20): fatal error C1083: Cannot open include file: 'ogg/ogg.h': No such file or directory
  dequant.c
..\..\lib\dequant.c(20): fatal error C1083: Cannot open include file: 'ogg/ogg.h': No such file or directory
  encapiwrapper.c
f:\aaa_stalker_sdk\gz_team\gz_team_engine\trunk\3rd party\xiph\libtheora\lib\apiwrapper.h(20): fatal error C1083: Cannot open include file: 'ogg/ogg.h': No such file or directory
  encfrag.c
f:\aaa_stalker_sdk\gz_team\gz_team_engine\trunk\3rd party\xiph\libtheora\lib\encint.h(22): fatal error C1083: Cannot open include file: 'theora/theoraenc.h': No such file or directory
  encinfo.c
f:\aaa_stalker_sdk\gz_team\gz_team_engine\trunk\3rd party\xiph\libtheora\lib\internal.h(24): fatal error C1083: Cannot open include file: 'theora/codec.h': No such file or directory
  encode.c
f:\aaa_stalker_sdk\gz_team\gz_team_engine\trunk\3rd party\xiph\libtheora\lib\encint.h(22): fatal error C1083: Cannot open include file: 'theora/theoraenc.h': No such file or directory
  enquant.c
f:\aaa_stalker_sdk\gz_team\gz_team_engine\trunk\3rd party\xiph\libtheora\lib\encint.h(22): fatal error C1083: Cannot open include file: 'theora/theoraenc.h': No such file or directory
  fdct.c
f:\aaa_stalker_sdk\gz_team\gz_team_engine\trunk\3rd party\xiph\libtheora\lib\encint.h(22): fatal error C1083: Cannot open include file: 'theora/theoraenc.h': No such file or directory
  fragment.c
f:\aaa_stalker_sdk\gz_team\gz_team_engine\trunk\3rd party\xiph\libtheora\lib\internal.h(24): fatal error C1083: Cannot open include file: 'theora/codec.h': No such file or directory
  huffdec.c
..\..\lib\huffdec.c(20): fatal error C1083: Cannot open include file: 'ogg/ogg.h': No such file or directory
  huffenc.c
..\..\lib\huffenc.c(3): fatal error C1083: Cannot open include file: 'ogg/ogg.h': No such file or directory
  idct.c
f:\aaa_stalker_sdk\gz_team\gz_team_engine\trunk\3rd party\xiph\libtheora\lib\internal.h(24): fatal error C1083: Cannot open include file: 'theora/codec.h': No such file or directory
  info.c
f:\aaa_stalker_sdk\gz_team\gz_team_engine\trunk\3rd party\xiph\libtheora\lib\internal.h(24): fatal error C1083: Cannot open include file: 'theora/codec.h': No such file or directory
  internal.c
f:\aaa_stalker_sdk\gz_team\gz_team_engine\trunk\3rd party\xiph\libtheora\lib\internal.h(24): fatal error C1083: Cannot open include file: 'theora/codec.h': No such file or directory
  mathops.c
f:\aaa_stalker_sdk\gz_team\gz_team_engine\trunk\3rd party\xiph\libtheora\lib\mathops.h(3): fatal error C1083: Cannot open include file: 'ogg/ogg.h': No such file or directory
  Generating Code...
  Compiling...
  mcenc.c
f:\aaa_stalker_sdk\gz_team\gz_team_engine\trunk\3rd party\xiph\libtheora\lib\encint.h(22): fatal error C1083: Cannot open include file: 'theora/theoraenc.h': No such file or directory
  quant.c
..\..\lib\quant.c(20): fatal error C1083: Cannot open include file: 'ogg/ogg.h': No such file or directory
  rate.c
f:\aaa_stalker_sdk\gz_team\gz_team_engine\trunk\3rd party\xiph\libtheora\lib\encint.h(22): fatal error C1083: Cannot open include file: 'theora/theoraenc.h': No such file or directory
  state.c
f:\aaa_stalker_sdk\gz_team\gz_team_engine\trunk\3rd party\xiph\libtheora\lib\internal.h(24): fatal error C1083: Cannot open include file: 'theora/codec.h': No such file or directory
  tokenize.c
f:\aaa_stalker_sdk\gz_team\gz_team_engine\trunk\3rd party\xiph\libtheora\lib\encint.h(22): fatal error C1083: Cannot open include file: 'theora/theoraenc.h': No such file or directory
  mmxencfrag.c
f:\aaa_stalker_sdk\gz_team\gz_team_engine\trunk\3rd party\xiph\libtheora\lib\x86_vc\../encint.h(22): fatal error C1083: Cannot open include file: 'theora/theoraenc.h': No such file or directory
  mmxfrag.c
f:\aaa_stalker_sdk\gz_team\gz_team_engine\trunk\3rd party\xiph\libtheora\lib\x86_vc\../internal.h(24): fatal error C1083: Cannot open include file: 'theora/codec.h': No such file or directory
  mmxidct.c
f:\aaa_stalker_sdk\gz_team\gz_team_engine\trunk\3rd party\xiph\libtheora\lib\x86_vc\../internal.h(24): fatal error C1083: Cannot open include file: 'theora/codec.h': No such file or directory
  mmxstate.c
f:\aaa_stalker_sdk\gz_team\gz_team_engine\trunk\3rd party\xiph\libtheora\lib\x86_vc\../internal.h(24): fatal error C1083: Cannot open include file: 'theora/codec.h': No such file or directory
  x86enc.c
f:\aaa_stalker_sdk\gz_team\gz_team_engine\trunk\3rd party\xiph\libtheora\lib\x86_vc\../encint.h(22): fatal error C1083: Cannot open include file: 'theora/theoraenc.h': No such file or directory
  x86state.c
f:\aaa_stalker_sdk\gz_team\gz_team_engine\trunk\3rd party\xiph\libtheora\lib\x86_vc\../internal.h(24): fatal error C1083: Cannot open include file: 'theora/codec.h': No such file or directory
  Generating Code...
