f:\aaa_stalker_sdk\gz_team\gz_team_engine\trunk\3rd party\xiph\libtheora\win32\vs2010\template\vc140.pdb
f:\aaa_stalker_sdk\gz_team\gz_team_engine\trunk\3rd party\xiph\libtheora\win32\vs2010\template\internal.obj
f:\aaa_stalker_sdk\gz_team\gz_team_engine\trunk\3rd party\xiph\libtheora\win32\vs2010\template\info.obj
f:\aaa_stalker_sdk\gz_team\gz_team_engine\trunk\3rd party\xiph\libtheora\win32\vs2010\template\idct.obj
f:\aaa_stalker_sdk\gz_team\gz_team_engine\trunk\3rd party\xiph\libtheora\win32\vs2010\template\fragment.obj
f:\aaa_stalker_sdk\gz_team\gz_team_engine\trunk\3rd party\xiph\libtheora\win32\vs2010\template\encinfo.obj
f:\aaa_stalker_sdk\gz_team\gz_team_engine\trunk\3rd party\xiph\libtheora\win32\vs2010\template\dequant.obj
f:\aaa_stalker_sdk\gz_team\gz_team_engine\trunk\3rd party\xiph\libtheora\win32\vs2010\template\decode.obj
f:\aaa_stalker_sdk\gz_team\gz_team_engine\trunk\3rd party\xiph\libtheora\win32\vs2010\template\decinfo.obj
f:\aaa_stalker_sdk\gz_team\gz_team_engine\trunk\3rd party\xiph\libtheora\win32\vs2010\template\bitpack.obj
f:\aaa_stalker_sdk\gz_team\gz_team_engine\trunk\3rd party\xiph\libtheora\win32\vs2010\template\apiwrapper.obj
f:\aaa_stalker_sdk\gz_team\gz_team_engine\trunk\3rd party\xiph\libtheora\win32\vs2010\template\x86state.obj
f:\aaa_stalker_sdk\gz_team\gz_team_engine\trunk\3rd party\xiph\libtheora\win32\vs2010\template\mmxstate.obj
f:\aaa_stalker_sdk\gz_team\gz_team_engine\trunk\3rd party\xiph\libtheora\win32\vs2010\template\mmxidct.obj
f:\aaa_stalker_sdk\gz_team\gz_team_engine\trunk\3rd party\xiph\libtheora\win32\vs2010\template\mmxfrag.obj
f:\aaa_stalker_sdk\gz_team\gz_team_engine\trunk\3rd party\xiph\libtheora\win32\vs2010\template\state.obj
f:\aaa_stalker_sdk\gz_team\gz_team_engine\trunk\3rd party\xiph\libtheora\win32\vs2010\template\decapiwrapper.obj
f:\aaa_stalker_sdk\gz_team\gz_team_engine\trunk\3rd party\xiph\libtheora\win32\vs2010\template\x86enc.obj
f:\aaa_stalker_sdk\gz_team\gz_team_engine\trunk\3rd party\xiph\libtheora\win32\vs2010\template\mmxencfrag.obj
f:\aaa_stalker_sdk\gz_team\gz_team_engine\trunk\3rd party\xiph\libtheora\win32\vs2010\template\tokenize.obj
f:\aaa_stalker_sdk\gz_team\gz_team_engine\trunk\3rd party\xiph\libtheora\win32\vs2010\template\rate.obj
f:\aaa_stalker_sdk\gz_team\gz_team_engine\trunk\3rd party\xiph\libtheora\win32\vs2010\template\quant.obj
f:\aaa_stalker_sdk\gz_team\gz_team_engine\trunk\3rd party\xiph\libtheora\win32\vs2010\template\mcenc.obj
f:\aaa_stalker_sdk\gz_team\gz_team_engine\trunk\3rd party\xiph\libtheora\win32\vs2010\template\mathops.obj
f:\aaa_stalker_sdk\gz_team\gz_team_engine\trunk\3rd party\xiph\libtheora\win32\vs2010\template\huffenc.obj
f:\aaa_stalker_sdk\gz_team\gz_team_engine\trunk\3rd party\xiph\libtheora\win32\vs2010\template\huffdec.obj
f:\aaa_stalker_sdk\gz_team\gz_team_engine\trunk\3rd party\xiph\libtheora\win32\vs2010\template\fdct.obj
f:\aaa_stalker_sdk\gz_team\gz_team_engine\trunk\3rd party\xiph\libtheora\win32\vs2010\template\enquant.obj
f:\aaa_stalker_sdk\gz_team\gz_team_engine\trunk\3rd party\xiph\libtheora\win32\vs2010\template\encode.obj
f:\aaa_stalker_sdk\gz_team\gz_team_engine\trunk\3rd party\xiph\libtheora\win32\vs2010\template\encfrag.obj
f:\aaa_stalker_sdk\gz_team\gz_team_engine\trunk\3rd party\xiph\libtheora\win32\vs2010\template\analyze.obj
f:\aaa_stalker_sdk\gz_team\gz_team_engine\trunk\3rd party\xiph\libtheora\win32\vs2010\template\encapiwrapper.obj
f:\aaa_stalker_sdk\gz_team\gz_team_engine\trunk\3rd party\xiph\libtheora\win32\vs2010\template\libtheora_static.tlog\cl.command.1.tlog
f:\aaa_stalker_sdk\gz_team\gz_team_engine\trunk\3rd party\xiph\libtheora\win32\vs2010\template\libtheora_static.tlog\cl.read.1.tlog
f:\aaa_stalker_sdk\gz_team\gz_team_engine\trunk\3rd party\xiph\libtheora\win32\vs2010\template\libtheora_static.tlog\cl.write.1.tlog
f:\aaa_stalker_sdk\gz_team\gz_team_engine\trunk\3rd party\xiph\libtheora\win32\vs2010\template\libtheora_static.tlog\link.command.1.tlog
f:\aaa_stalker_sdk\gz_team\gz_team_engine\trunk\3rd party\xiph\libtheora\win32\vs2010\template\libtheora_static.tlog\link.read.1.tlog
f:\aaa_stalker_sdk\gz_team\gz_team_engine\trunk\3rd party\xiph\libtheora\win32\vs2010\template\libtheora_static.tlog\link.write.1.tlog
